---
source: bench/tests/plans/wind_farm.rs
expression: "&string"
---
ProjectionExec: expr=[ENC_PT(site_label@0) as site_label, ENC_PT(wtur_label@1) as wtur_label, year@2 as year, month@3 as month, day@4 as day, hour@5 as hour, minute_10@6 as minute_10, ENC_PT(<uuid>@7) as val_prod_avg, ENC_PT(<uuid>@8) as val_dir_avg, ENC_PT(<uuid>@9) as val_speed_avg]
  AggregateExec: mode=Single, gby=[site_label@1 as site_label, wtur_label@3 as wtur_label, ENC_PT(year@25) as year, ENC_PT(month@24) as month, ENC_PT(day@23) as day, ENC_PT(hour@22) as hour, ENC_PT(minute_10@21) as minute_10], aggr=[<uuid>, <uuid>, <uuid>]
    CoalesceBatchesExec: target_batch_size=8192
      FilterExec: EBV(BOOLEAN_AS_TERM(EBV(BOOLEAN_AS_TERM(EBV(EQ(ENC_TV(site_label@1), ENC_TV({term_type:2,value:Wind Mountain,data_type:http://www.w3.org/2001/XMLSchema#string,language_tag:}))) AND EBV(GEQ(ENC_TV(t@14), ENC_TV({term_type:2,value:2022-08-30T08:46:53,data_type:http://www.w3.org/2001/XMLSchema#dateTime,language_tag:}))))) AND EBV(LEQ(ENC_TV(t@14), ENC_TV({term_type:2,value:2022-08-30T21:46:53,data_type:http://www.w3.org/2001/XMLSchema#dateTime,language_tag:})))))
        ProjectionExec: expr=[site@0 as site, site_label@1 as site_label, wtur_asp@2 as wtur_asp, wtur_label@3 as wtur_label, wtur@4 as wtur, gensys_asp@5 as gensys_asp, gensys@6 as gensys, generator_asp@7 as generator_asp, generator@8 as generator, weather_asp@9 as weather_asp, weather@10 as weather, ts_speed@11 as ts_speed, dp_speed@12 as dp_speed, val_speed@13 as val_speed, t@14 as t, ts_dir@15 as ts_dir, dp_dir@16 as dp_dir, val_dir@17 as val_dir, ts_prod@18 as ts_prod, dp_prod@19 as dp_prod, val_prod@20 as val_prod, MUL(ENC_TV({term_type:2,value:10,data_type:http://www.w3.org/2001/XMLSchema#integer,language_tag:}), FLOOR(DIV(MINUTES(ENC_TV(t@14)), ENC_TV({term_type:2,value:10.0,data_type:http://www.w3.org/2001/XMLSchema#decimal,language_tag:})))) as minute_10, HOURS(ENC_TV(t@14)) as hour, DAY(ENC_TV(t@14)) as day, MONTH(ENC_TV(t@14)) as month, YEAR(ENC_TV(t@14)) as year]
          CoalesceBatchesExec: target_batch_size=8192
            HashJoinExec: mode=CollectLeft, join_type=Inner, on=[(dp_prod@19, dp_prod@0), (t@14, t@1)], projection=[site@0, site_label@1, wtur_asp@2, wtur_label@3, wtur@4, gensys_asp@5, gensys@6, generator_asp@7, generator@8, weather_asp@9, weather@10, ts_speed@11, dp_speed@12, val_speed@13, t@14, ts_dir@15, dp_dir@16, val_dir@17, ts_prod@18, dp_prod@19, val_prod@20]
              CoalesceBatchesExec: target_batch_size=8192
                HashJoinExec: mode=CollectLeft, join_type=Inner, on=[(dp_prod@19, dp_prod@0)], projection=[site@0, site_label@1, wtur_asp@2, wtur_label@3, wtur@4, gensys_asp@5, gensys@6, generator_asp@7, generator@8, weather_asp@9, weather@10, ts_speed@11, dp_speed@12, val_speed@13, t@14, ts_dir@15, dp_dir@16, val_dir@17, ts_prod@18, dp_prod@19, val_prod@21]
                  CoalesceBatchesExec: target_batch_size=8192
                    HashJoinExec: mode=CollectLeft, join_type=Inner, on=[(ts_prod@18, ts_prod@0)], projection=[site@0, site_label@1, wtur_asp@2, wtur_label@3, wtur@4, gensys_asp@5, gensys@6, generator_asp@7, generator@8, weather_asp@9, weather@10, ts_speed@11, dp_speed@12, val_speed@13, t@14, ts_dir@15, dp_dir@16, val_dir@17, ts_prod@18, dp_prod@20]
                      CoalesceBatchesExec: target_batch_size=8192
                        HashJoinExec: mode=CollectLeft, join_type=Inner, on=[(ts_prod@18, ts_prod@0)], projection=[site@0, site_label@1, wtur_asp@2, wtur_label@3, wtur@4, gensys_asp@5, gensys@6, generator_asp@7, generator@8, weather_asp@9, weather@10, ts_speed@11, dp_speed@12, val_speed@13, t@14, ts_dir@15, dp_dir@16, val_dir@17, ts_prod@18]
                          CoalesceBatchesExec: target_batch_size=8192
                            HashJoinExec: mode=CollectLeft, join_type=Inner, on=[(generator@8, generator@0)], projection=[site@0, site_label@1, wtur_asp@2, wtur_label@3, wtur@4, gensys_asp@5, gensys@6, generator_asp@7, generator@8, weather_asp@9, weather@10, ts_speed@11, dp_speed@12, val_speed@13, t@14, ts_dir@15, dp_dir@16, val_dir@17, ts_prod@19]
                              CoalesceBatchesExec: target_batch_size=8192
                                HashJoinExec: mode=CollectLeft, join_type=Inner, on=[(ts_dir@15, ts_dir@0)], projection=[site@0, site_label@1, wtur_asp@2, wtur_label@3, wtur@4, gensys_asp@5, gensys@6, generator_asp@7, generator@8, weather_asp@9, weather@10, ts_speed@11, dp_speed@12, val_speed@13, t@14, ts_dir@15, dp_dir@16, val_dir@17]
                                  CoalesceBatchesExec: target_batch_size=8192
                                    HashJoinExec: mode=CollectLeft, join_type=Inner, on=[(dp_dir@16, dp_dir@0), (t@14, t@1)], projection=[site@0, site_label@1, wtur_asp@2, wtur_label@3, wtur@4, gensys_asp@5, gensys@6, generator_asp@7, generator@8, weather_asp@9, weather@10, ts_speed@11, dp_speed@12, val_speed@13, t@14, ts_dir@15, dp_dir@16, val_dir@17]
                                      CoalesceBatchesExec: target_batch_size=8192
                                        HashJoinExec: mode=CollectLeft, join_type=Inner, on=[(dp_dir@16, dp_dir@0)], projection=[site@0, site_label@1, wtur_asp@2, wtur_label@3, wtur@4, gensys_asp@5, gensys@6, generator_asp@7, generator@8, weather_asp@9, weather@10, ts_speed@11, dp_speed@12, val_speed@13, t@14, ts_dir@15, dp_dir@16, val_dir@18]
                                          CoalesceBatchesExec: target_batch_size=8192
                                            HashJoinExec: mode=CollectLeft, join_type=Inner, on=[(ts_dir@15, ts_dir@0)], projection=[site@0, site_label@1, wtur_asp@2, wtur_label@3, wtur@4, gensys_asp@5, gensys@6, generator_asp@7, generator@8, weather_asp@9, weather@10, ts_speed@11, dp_speed@12, val_speed@13, t@14, ts_dir@15, dp_dir@17]
                                              CoalesceBatchesExec: target_batch_size=8192
                                                HashJoinExec: mode=CollectLeft, join_type=Inner, on=[(weather@10, weather@0)], projection=[site@0, site_label@1, wtur_asp@2, wtur_label@3, wtur@4, gensys_asp@5, gensys@6, generator_asp@7, generator@8, weather_asp@9, weather@10, ts_speed@11, dp_speed@12, val_speed@13, t@14, ts_dir@16]
                                                  CoalesceBatchesExec: target_batch_size=8192
                                                    HashJoinExec: mode=CollectLeft, join_type=Inner, on=[(ts_speed@11, ts_speed@0)], projection=[site@0, site_label@1, wtur_asp@2, wtur_label@3, wtur@4, gensys_asp@5, gensys@6, generator_asp@7, generator@8, weather_asp@9, weather@10, ts_speed@11, dp_speed@12, val_speed@13, t@14]
                                                      CoalesceBatchesExec: target_batch_size=8192
                                                        HashJoinExec: mode=CollectLeft, join_type=Inner, on=[(dp_speed@12, dp_speed@0)], projection=[site@0, site_label@1, wtur_asp@2, wtur_label@3, wtur@4, gensys_asp@5, gensys@6, generator_asp@7, generator@8, weather_asp@9, weather@10, ts_speed@11, dp_speed@12, val_speed@13, t@15]
                                                          CoalesceBatchesExec: target_batch_size=8192
                                                            HashJoinExec: mode=CollectLeft, join_type=Inner, on=[(dp_speed@12, dp_speed@0)], projection=[site@0, site_label@1, wtur_asp@2, wtur_label@3, wtur@4, gensys_asp@5, gensys@6, generator_asp@7, generator@8, weather_asp@9, weather@10, ts_speed@11, dp_speed@12, val_speed@14]
                                                              CoalesceBatchesExec: target_batch_size=8192
                                                                HashJoinExec: mode=CollectLeft, join_type=Inner, on=[(ts_speed@11, ts_speed@0)], projection=[site@0, site_label@1, wtur_asp@2, wtur_label@3, wtur@4, gensys_asp@5, gensys@6, generator_asp@7, generator@8, weather_asp@9, weather@10, ts_speed@11, dp_speed@13]
                                                                  CoalesceBatchesExec: target_batch_size=8192
                                                                    HashJoinExec: mode=CollectLeft, join_type=Inner, on=[(weather@10, weather@0)], projection=[site@0, site_label@1, wtur_asp@2, wtur_label@3, wtur@4, gensys_asp@5, gensys@6, generator_asp@7, generator@8, weather_asp@9, weather@10, ts_speed@12]
                                                                      CoalesceBatchesExec: target_batch_size=8192
                                                                        HashJoinExec: mode=CollectLeft, join_type=Inner, on=[(weather@10, weather@0)], projection=[site@0, site_label@1, wtur_asp@2, wtur_label@3, wtur@4, gensys_asp@5, gensys@6, generator_asp@7, generator@8, weather_asp@9, weather@10]
                                                                          CoalesceBatchesExec: target_batch_size=8192
                                                                            HashJoinExec: mode=CollectLeft, join_type=Inner, on=[(weather_asp@9, weather_asp@1)], projection=[site@0, site_label@1, wtur_asp@2, wtur_label@3, wtur@4, gensys_asp@5, gensys@6, generator_asp@7, generator@8, weather_asp@9, weather@10]
                                                                              CoalesceBatchesExec: target_batch_size=8192
                                                                                HashJoinExec: mode=CollectLeft, join_type=Inner, on=[(wtur@4, wtur@0)], projection=[site@0, site_label@1, wtur_asp@2, wtur_label@3, wtur@4, gensys_asp@5, gensys@6, generator_asp@7, generator@8, weather_asp@10]
                                                                                  CoalesceBatchesExec: target_batch_size=8192
                                                                                    HashJoinExec: mode=CollectLeft, join_type=Inner, on=[(generator@8, generator@0)], projection=[site@0, site_label@1, wtur_asp@2, wtur_label@3, wtur@4, gensys_asp@5, gensys@6, generator_asp@7, generator@8]
                                                                                      CoalesceBatchesExec: target_batch_size=8192
                                                                                        HashJoinExec: mode=CollectLeft, join_type=Inner, on=[(generator_asp@7, generator_asp@1)], projection=[site@0, site_label@1, wtur_asp@2, wtur_label@3, wtur@4, gensys_asp@5, gensys@6, generator_asp@7, generator@8]
                                                                                          CoalesceBatchesExec: target_batch_size=8192
                                                                                            HashJoinExec: mode=CollectLeft, join_type=Inner, on=[(gensys@6, gensys@0)], projection=[site@0, site_label@1, wtur_asp@2, wtur_label@3, wtur@4, gensys_asp@5, gensys@6, generator_asp@8]
                                                                                              CoalesceBatchesExec: target_batch_size=8192
                                                                                                HashJoinExec: mode=CollectLeft, join_type=Inner, on=[(gensys@6, gensys@0)], projection=[site@0, site_label@1, wtur_asp@2, wtur_label@3, wtur@4, gensys_asp@5, gensys@6]
                                                                                                  CoalesceBatchesExec: target_batch_size=8192
                                                                                                    HashJoinExec: mode=CollectLeft, join_type=Inner, on=[(gensys_asp@5, gensys_asp@1)], projection=[site@0, site_label@1, wtur_asp@2, wtur_label@3, wtur@4, gensys_asp@5, gensys@6]
                                                                                                      CoalesceBatchesExec: target_batch_size=8192
                                                                                                        HashJoinExec: mode=CollectLeft, join_type=Inner, on=[(wtur@4, wtur@0)], projection=[site@0, site_label@1, wtur_asp@2, wtur_label@3, wtur@4, gensys_asp@6]
                                                                                                          CoalesceBatchesExec: target_batch_size=8192
                                                                                                            HashJoinExec: mode=CollectLeft, join_type=Inner, on=[(wtur@4, wtur@0)], projection=[site@0, site_label@1, wtur_asp@2, wtur_label@3, wtur@4]
                                                                                                              CoalesceBatchesExec: target_batch_size=8192
                                                                                                                HashJoinExec: mode=CollectLeft, join_type=Inner, on=[(wtur_asp@2, wtur_asp@1)], projection=[site@0, site_label@1, wtur_asp@2, wtur_label@3, wtur@4]
                                                                                                                  CoalesceBatchesExec: target_batch_size=8192
                                                                                                                    HashJoinExec: mode=CollectLeft, join_type=Inner, on=[(wtur_asp@2, wtur_asp@0)], projection=[site@0, site_label@1, wtur_asp@2, wtur_label@4]
                                                                                                                      CoalesceBatchesExec: target_batch_size=8192
                                                                                                                        HashJoinExec: mode=CollectLeft, join_type=Inner, on=[(site@0, site@0)], projection=[site@0, site_label@1, wtur_asp@3]
                                                                                                                          CoalesceBatchesExec: target_batch_size=8192
                                                                                                                            HashJoinExec: mode=CollectLeft, join_type=Inner, on=[(site@0, site@0)], projection=[site@0, site_label@2]
                                                                                                                              DataSourceExec: [GPOS] subject=?site, predicate=<http://www.w3.org/1999/02/22-rdf-syntax-ns#type>, object=<https://github.com/magbak/chrontext/rds_power#Site>
                                                                                                                              DataSourceExec: [GPOS] subject=?site, predicate=<http://www.w3.org/2000/01/rdf-schema#label>, object=?site_label, additional_filters=[DynamicFilterPhysicalExpr [ true ]]
                                                                                                                          DataSourceExec: [GPOS] subject=?site, predicate=<https://github.com/magbak/chrontext/rds_power#hasFunctionalAspect>, object=?wtur_asp, additional_filters=[DynamicFilterPhysicalExpr [ true ]]
                                                                                                                      DataSourceExec: [GPOS] subject=?wtur_asp, predicate=<http://www.w3.org/2000/01/rdf-schema#label>, object=?wtur_label, additional_filters=[DynamicFilterPhysicalExpr [ true ]]
                                                                                                                  DataSourceExec: [GPOS] subject=?wtur, predicate=<https://github.com/magbak/chrontext/rds_power#hasFunctionalAspectNode>, object=?wtur_asp, additional_filters=[DynamicFilterPhysicalExpr [ true ]]
                                                                                                              DataSourceExec: [GPOS] subject=?wtur, predicate=<http://www.w3.org/1999/02/22-rdf-syntax-ns#type>, object=<https://github.com/magbak/chrontext/rds_power#A>, additional_filters=[DynamicFilterPhysicalExpr [ true ]]
                                                                                                          DataSourceExec: [GPOS] subject=?wtur, predicate=<https://github.com/magbak/chrontext/rds_power#hasFunctionalAspect>, object=?gensys_asp, additional_filters=[DynamicFilterPhysicalExpr [ true ]]
                                                                                                      DataSourceExec: [GPOS] subject=?gensys, predicate=<https://github.com/magbak/chrontext/rds_power#hasFunctionalAspectNode>, object=?gensys_asp, additional_filters=[DynamicFilterPhysicalExpr [ true ]]
                                                                                                  DataSourceExec: [GPOS] subject=?gensys, predicate=<http://www.w3.org/1999/02/22-rdf-syntax-ns#type>, object=<https://github.com/magbak/chrontext/rds_power#RA>, additional_filters=[DynamicFilterPhysicalExpr [ true ]]
                                                                                              DataSourceExec: [GPOS] subject=?gensys, predicate=<https://github.com/magbak/chrontext/rds_power#hasFunctionalAspect>, object=?generator_asp, additional_filters=[DynamicFilterPhysicalExpr [ true ]]
                                                                                          DataSourceExec: [GPOS] subject=?generator, predicate=<https://github.com/magbak/chrontext/rds_power#hasFunctionalAspectNode>, object=?generator_asp, additional_filters=[DynamicFilterPhysicalExpr [ true ]]
                                                                                      DataSourceExec: [GPOS] subject=?generator, predicate=<http://www.w3.org/1999/02/22-rdf-syntax-ns#type>, object=<https://github.com/magbak/chrontext/rds_power#GAA>, additional_filters=[DynamicFilterPhysicalExpr [ true ]]
                                                                                  DataSourceExec: [GPOS] subject=?wtur, predicate=<https://github.com/magbak/chrontext/rds_power#hasFunctionalAspect>, object=?weather_asp, additional_filters=[DynamicFilterPhysicalExpr [ true ]]
                                                                              DataSourceExec: [GPOS] subject=?weather, predicate=<https://github.com/magbak/chrontext/rds_power#hasFunctionalAspectNode>, object=?weather_asp, additional_filters=[DynamicFilterPhysicalExpr [ true ]]
                                                                          DataSourceExec: [GPOS] subject=?weather, predicate=<http://www.w3.org/1999/02/22-rdf-syntax-ns#type>, object=<https://github.com/magbak/chrontext/rds_power#LE>, additional_filters=[DynamicFilterPhysicalExpr [ true ]]
                                                                      DataSourceExec: [GPOS] subject=?weather, predicate=<https://github.com/magbak/chrontext#hasTimeseries>, object=?ts_speed, additional_filters=[DynamicFilterPhysicalExpr [ true ]]
                                                                  DataSourceExec: [GPOS] subject=?ts_speed, predicate=<https://github.com/magbak/chrontext#hasDataPoint>, object=?dp_speed, additional_filters=[DynamicFilterPhysicalExpr [ true ]]
                                                              DataSourceExec: [GPOS] subject=?dp_speed, predicate=<https://github.com/magbak/chrontext#hasValue>, object=?val_speed, additional_filters=[DynamicFilterPhysicalExpr [ true ]]
                                                          DataSourceExec: [GPOS] subject=?dp_speed, predicate=<https://github.com/magbak/chrontext#hasTimestamp>, object=?t, additional_filters=[DynamicFilterPhysicalExpr [ true ]]
                                                      DataSourceExec: [GPOS] subject=?ts_speed, predicate=<http://www.w3.org/2000/01/rdf-schema#label>, object="Windspeed", additional_filters=[DynamicFilterPhysicalExpr [ true ]]
                                                  DataSourceExec: [GPOS] subject=?weather, predicate=<https://github.com/magbak/chrontext#hasTimeseries>, object=?ts_dir, additional_filters=[DynamicFilterPhysicalExpr [ true ]]
                                              DataSourceExec: [GPOS] subject=?ts_dir, predicate=<https://github.com/magbak/chrontext#hasDataPoint>, object=?dp_dir, additional_filters=[DynamicFilterPhysicalExpr [ true ]]
                                          DataSourceExec: [GPOS] subject=?dp_dir, predicate=<https://github.com/magbak/chrontext#hasValue>, object=?val_dir, additional_filters=[DynamicFilterPhysicalExpr [ true ]]
                                      DataSourceExec: [GPOS] subject=?dp_dir, predicate=<https://github.com/magbak/chrontext#hasTimestamp>, object=?t, additional_filters=[DynamicFilterPhysicalExpr [ true ]]
                                  DataSourceExec: [GPOS] subject=?ts_dir, predicate=<http://www.w3.org/2000/01/rdf-schema#label>, object="WindDirection", additional_filters=[DynamicFilterPhysicalExpr [ true ]]
                              DataSourceExec: [GPOS] subject=?generator, predicate=<https://github.com/magbak/chrontext#hasTimeseries>, object=?ts_prod, additional_filters=[DynamicFilterPhysicalExpr [ true ]]
                          DataSourceExec: [GPOS] subject=?ts_prod, predicate=<http://www.w3.org/2000/01/rdf-schema#label>, object="Production", additional_filters=[DynamicFilterPhysicalExpr [ true ]]
                      DataSourceExec: [GPOS] subject=?ts_prod, predicate=<https://github.com/magbak/chrontext#hasDataPoint>, object=?dp_prod, additional_filters=[DynamicFilterPhysicalExpr [ true ]]
                  DataSourceExec: [GPOS] subject=?dp_prod, predicate=<https://github.com/magbak/chrontext#hasValue>, object=?val_prod, additional_filters=[DynamicFilterPhysicalExpr [ true ]]
              DataSourceExec: [GPOS] subject=?dp_prod, predicate=<https://github.com/magbak/chrontext#hasTimestamp>, object=?t, additional_filters=[DynamicFilterPhysicalExpr [ true ]]
