---
source: bench/tests/plans/bsbm_explore.rs
expression: "&string"
---
ProjectionExec: expr=[ENC_PT(first_value(product) ORDER BY [ENC_SORT(ENC_PT(productLabel)) ASC NULLS FIRST, product ASC NULLS FIRST]@2) as product, ENC_PT(first_value(productLabel) ORDER BY [ENC_SORT(ENC_PT(productLabel)) ASC NULLS FIRST, product ASC NULLS FIRST]@3) as productLabel]
  SortExec: TopK(fetch=5), expr=[ENC_SORT(ENC_PT(productLabel))@0 ASC, product@1 ASC], preserve_partitioning=[false], sort_prefix=[ENC_SORT(ENC_PT(productLabel))@0 ASC]
    AggregateExec: mode=Single, gby=[ENC_SORT(ENC_PT(productLabel@1)) as ENC_SORT(ENC_PT(productLabel)), product@0 as product], aggr=[first_value(product) ORDER BY [ENC_SORT(ENC_PT(productLabel)) ASC NULLS FIRST, product ASC NULLS FIRST], first_value(productLabel) ORDER BY [ENC_SORT(ENC_PT(productLabel)) ASC NULLS FIRST, product ASC NULLS FIRST]], ordering_mode=PartiallySorted([0])
      SortExec: expr=[ENC_SORT(ENC_PT(productLabel@1)) ASC], preserve_partitioning=[false]
        CoalesceBatchesExec: target_batch_size=8192
          FilterExec: EBV(BOOLEAN_AS_TERM(EBV(BOOLEAN_AS_TERM(EBV(BOOLEAN_AS_TERM(NOT EBV(EQ(ENC_TV({term_type:0,value:http://www4.wiwiss.fu-berlin.de/bizer/bsbm/v01/instances/dataFromProducer19/Product890,data_type:,language_tag:}), ENC_TV(product@0))))) AND EBV(BOOLEAN_AS_TERM(EBV(LT(ENC_TV(simProperty1@4), ADD(ENC_TV(origProperty1@3), ENC_TV({term_type:2,value:120,data_type:http://www.w3.org/2001/XMLSchema#integer,language_tag:})))) AND EBV(GT(ENC_TV(simProperty1@4), SUB(ENC_TV(origProperty1@3), ENC_TV({term_type:2,value:120,data_type:http://www.w3.org/2001/XMLSchema#integer,language_tag:})))))))) AND EBV(BOOLEAN_AS_TERM(EBV(LT(ENC_TV(simProperty2@6), ADD(ENC_TV(origProperty2@5), ENC_TV({term_type:2,value:170,data_type:http://www.w3.org/2001/XMLSchema#integer,language_tag:})))) AND EBV(GT(ENC_TV(simProperty2@6), SUB(ENC_TV(origProperty2@5), ENC_TV({term_type:2,value:170,data_type:http://www.w3.org/2001/XMLSchema#integer,language_tag:})))))))), projection=[product@0, productLabel@1]
            CoalesceBatchesExec: target_batch_size=8192
              HashJoinExec: mode=CollectLeft, join_type=Inner, on=[(product@0, product@0)], projection=[product@0, productLabel@1, prodFeature@2, origProperty1@3, simProperty1@4, origProperty2@5, simProperty2@7]
                CrossJoinExec
                  CoalesceBatchesExec: target_batch_size=8192
                    HashJoinExec: mode=CollectLeft, join_type=Inner, on=[(product@0, product@0)], projection=[product@0, productLabel@1, prodFeature@2, origProperty1@3, simProperty1@5]
                      CrossJoinExec
                        CoalesceBatchesExec: target_batch_size=8192
                          HashJoinExec: mode=CollectLeft, join_type=Inner, on=[(prodFeature@2, prodFeature@1), (product@0, product@0)], projection=[product@0, productLabel@1, prodFeature@2]
                            CrossJoinExec
                              DataSourceExec: [GPOS] subject=?product, predicate=<http://www.w3.org/2000/01/rdf-schema#label>, object=?productLabel
                              DataSourceExec: [GSPO] subject=<http://www4.wiwiss.fu-berlin.de/bizer/bsbm/v01/instances/dataFromProducer19/Product890>, predicate=<http://www4.wiwiss.fu-berlin.de/bizer/bsbm/v01/vocabulary/productFeature>, object=?prodFeature
                            DataSourceExec: [GPOS] subject=?product, predicate=<http://www4.wiwiss.fu-berlin.de/bizer/bsbm/v01/vocabulary/productFeature>, object=?prodFeature, additional_filters=[DynamicFilterPhysicalExpr [ true ]]
                        DataSourceExec: [GSPO] subject=<http://www4.wiwiss.fu-berlin.de/bizer/bsbm/v01/instances/dataFromProducer19/Product890>, predicate=<http://www4.wiwiss.fu-berlin.de/bizer/bsbm/v01/vocabulary/productPropertyNumeric1>, object=?origProperty1
                      DataSourceExec: [GPOS] subject=?product, predicate=<http://www4.wiwiss.fu-berlin.de/bizer/bsbm/v01/vocabulary/productPropertyNumeric1>, object=?simProperty1, additional_filters=[DynamicFilterPhysicalExpr [ true ]]
                  DataSourceExec: [GSPO] subject=<http://www4.wiwiss.fu-berlin.de/bizer/bsbm/v01/instances/dataFromProducer19/Product890>, predicate=<http://www4.wiwiss.fu-berlin.de/bizer/bsbm/v01/vocabulary/productPropertyNumeric2>, object=?origProperty2
                DataSourceExec: [GPOS] subject=?product, predicate=<http://www4.wiwiss.fu-berlin.de/bizer/bsbm/v01/vocabulary/productPropertyNumeric2>, object=?simProperty2, additional_filters=[DynamicFilterPhysicalExpr [ true ]]
